/var/spool/slurmd/job8592839/slurm_script: line 16: ./Test: No such file or directory
