/var/spool/slurmd/job8904103/slurm_script: line 16: ./Test: No such file or directory
